ASxxxx Linker V03.00 + NoICE + sdld,  page 1.
Hexadecimal  [32-Bits]

Area                                    Addr        Size        Decimal Bytes (Attributes)
--------------------------------        ----        ----        ------- ----- ------------
CABS                                00000000    00000000 =           0. bytes (ABS,CON,CODE)

      Value  Global                              Global Defined In Module
      -----  --------------------------------   ------------------------
C:   00000000  l_BIT_BANK                      
C:   00000000  l_BSEG                          
C:   00000000  l_BSEG_BYTES                    
C:   00000000  l_CABS                          
C:   00000000  l_CONST                         
C:   00000000  l_GSINIT1                       
C:   00000000  l_GSINIT5                       
C:   00000000  l_IABS                          
C:   00000000  l_ISEG                          
C:   00000000  l_PSEG                          
C:   00000000  l_REG_BANK_1                    
C:   00000000  l_REG_BANK_2                    
C:   00000000  l_REG_BANK_3                    
C:   00000000  l_RSEG                          
C:   00000000  l_RSEG0                         
C:   00000000  l_RSEG1                         
C:   00000000  l_XABS                          
C:   00000000  l_XINIT                         
C:   00000000  l_XISEG                         
C:   00000000  l_XSEG                          
C:   00000000  l__CODE                         
C:   00000000  s_BSEG                          
C:   00000000  s_CABS                          
C:   00000000  s_DSEG                          
C:   00000000  s_HOME                          
C:   00000000  s_IABS                          
C:   00000000  s_ISEG                          
C:   00000000  s_REG_BANK_0                    
C:   00000000  s_RSEG                          
C:   00000000  s_RSEG0                         
C:   00000000  s_RSEG1                         
C:   00000000  s_XABS                          
C:   00000001  s_PSEG                          
C:   00000001  s_XISEG                         
C:   00000001  s_XSEG                          
C:   00000002  l_OSEG                          
C:   00000003  l_GSFINAL                       
C:   00000003  l_GSINIT0                       
C:   00000006  l_HOME                          
C:   00000006  s_GSINIT0                       
C:   00000008  l_REG_BANK_0                    
C:   00000008  s_REG_BANK_1                    
C:   00000009  s_GSINIT1                       
C:   00000009  s_GSINIT2                       
C:   0000000A  l_GSINIT2                       
C:   00000010  s_REG_BANK_2                    
C:   00000013  s_GSINIT3                       
C:   00000018  s_BIT_BANK                      
C:   00000018  s_REG_BANK_3                    
C:   00000020  s_BSEG_BYTES                    
ASxxxx Linker V03.00 + NoICE + sdld,  page 2.
Hexadecimal  [32-Bits]

Area                                    Addr        Size        Decimal Bytes (Attributes)
--------------------------------        ----        ----        ------- ----- ------------
CABS                                00000000    00000000 =           0. bytes (ABS,CON,CODE)

      Value  Global                              Global Defined In Module
      -----  --------------------------------   ------------------------
C:   00000020  s__CODE                         
C:   00000022  l_GSINIT3                       
C:   00000022  s_OSEG                          
C:   00000024  s_SSEG                          
C:   0000002A  l_GSINIT4                       
C:   00000033  l_GSINIT                        
C:   00000035  s_GSINIT4                       
C:   0000005F  s_GSINIT                        
C:   0000005F  s_GSINIT5                       
C:   00000080  l_DSEG                          
C:   00000092  s_GSFINAL                       
C:   00000095  s_CSEG                          
C:   000000DC  l_SSEG                          
C:   00000100  l_IRAM                          
C:   00000477  l_CSEG                          
C:   0000050C  s_CONST                         
C:   0000050C  s_XINIT                         

ASxxxx Linker V03.00 + NoICE + sdld,  page 3.
Hexadecimal  [32-Bits]

Area                                    Addr        Size        Decimal Bytes (Attributes)
--------------------------------        ----        ----        ------- ----- ------------
.  .ABS.                            00000000    00000000 =           0. bytes (ABS,CON)

      Value  Global                              Global Defined In Module
      -----  --------------------------------   ------------------------
     00000000  .__.ABS.                           _startup
     00000080  _P0                                beep
     00000080  _P0_0                              beep
     00000081  _P0_1                              beep
     00000081  _SP                                beep
     00000082  _DPL                               beep
     00000082  _P0_2                              beep
     00000083  _DPH                               beep
     00000083  _P0_3                              beep
     00000084  _P0_4                              beep
     00000085  _P0_5                              beep
     00000086  _P0_6                              beep
     00000087  _P0_7                              beep
     00000087  _PCON                              beep
     00000088  _IT0                               beep
     00000088  _TCON                              beep
     00000089  _IE0                               beep
     00000089  _TMOD                              beep
     0000008A  _IT1                               beep
     0000008A  _TL0                               beep
     0000008B  _IE1                               beep
     0000008B  _TL1                               beep
     0000008C  _TH0                               beep
     0000008C  _TR0                               beep
     0000008D  _TF0                               beep
     0000008D  _TH1                               beep
     0000008E  _TR1                               beep
     0000008F  _TF1                               beep
     00000090  _P1                                beep
     00000090  _P1_0                              beep
     00000091  _P1_1                              beep
     00000092  _P1_2                              beep
     00000093  _P1_3                              beep
     00000094  _P1_4                              beep
     00000095  _P1_5                              beep
     00000096  _P1_6                              beep
     00000097  _P1_7                              beep
     00000098  _RI                                beep
     00000098  _SCON                              beep
     00000099  _SBUF                              beep
     00000099  _TI                                beep
     0000009A  _RB8                               beep
     0000009B  _TB8                               beep
     0000009C  _REN                               beep
     0000009D  _SM2                               beep
     0000009E  _SM1                               beep
     0000009F  _SM0                               beep
     000000A0  _P2                                beep
     000000A0  _P2_0                              beep
     000000A0  __XPAGE                            
ASxxxx Linker V03.00 + NoICE + sdld,  page 4.
Hexadecimal  [32-Bits]

Area                                    Addr        Size        Decimal Bytes (Attributes)
--------------------------------        ----        ----        ------- ----- ------------
.  .ABS.                            00000000    00000000 =           0. bytes (ABS,CON)

      Value  Global                              Global Defined In Module
      -----  --------------------------------   ------------------------
     000000A1  _P2_1                              beep
     000000A2  _P2_2                              beep
     000000A3  _P2_3                              beep
     000000A4  _P2_4                              beep
     000000A5  _P2_5                              beep
     000000A6  _P2_6                              beep
     000000A7  _P2_7                              beep
     000000A8  _EX0                               beep
     000000A8  _IE                                beep
     000000A9  _ET0                               beep
     000000AA  _EX1                               beep
     000000AB  _ET1                               beep
     000000AC  _ES                                beep
     000000AD  _ET2                               beep
     000000AF  _EA                                beep
     000000B0  _P3                                beep
     000000B0  _P3_0                              beep
     000000B0  _RXD                               beep
     000000B1  _P3_1                              beep
     000000B1  _TXD                               beep
     000000B2  _INT0                              beep
     000000B2  _P3_2                              beep
     000000B3  _INT1                              beep
     000000B3  _P3_3                              beep
     000000B4  _P3_4                              beep
     000000B4  _T0                                beep
     000000B5  _P3_5                              beep
     000000B5  _T1                                beep
     000000B6  _P3_6                              beep
     000000B6  _WR                                beep
     000000B7  _P3_7                              beep
     000000B7  _RD                                beep
     000000B8  _IP                                beep
     000000B8  _PX0                               beep
     000000B9  _PT0                               beep
     000000BA  _PX1                               beep
     000000BB  _PT1                               beep
     000000BC  _PS                                beep
     000000BD  _PT2                               beep
     000000C8  _CP_RL2                            beep
     000000C8  _T2CON                             beep
     000000C8  _T2CON_0                           beep
     000000C9  _C_T2                              beep
     000000C9  _T2CON_1                           beep
     000000CA  _RCAP2L                            beep
     000000CA  _T2CON_2                           beep
     000000CA  _TR2                               beep
     000000CB  _EXEN2                             beep
     000000CB  _RCAP2H                            beep
     000000CB  _T2CON_3                           beep
     000000CC  _T2CON_4                           beep
ASxxxx Linker V03.00 + NoICE + sdld,  page 5.
Hexadecimal  [32-Bits]

Area                                    Addr        Size        Decimal Bytes (Attributes)
--------------------------------        ----        ----        ------- ----- ------------
.  .ABS.                            00000000    00000000 =           0. bytes (ABS,CON)

      Value  Global                              Global Defined In Module
      -----  --------------------------------   ------------------------
     000000CC  _TCLK                              beep
     000000CC  _TL2                               beep
     000000CD  _RCLK                              beep
     000000CD  _T2CON_5                           beep
     000000CD  _TH2                               beep
     000000CE  _EXF2                              beep
     000000CE  _T2CON_6                           beep
     000000CF  _T2CON_7                           beep
     000000CF  _TF2                               beep
     000000D0  _P                                 beep
     000000D0  _PSW                               beep
     000000D1  _F1                                beep
     000000D2  _OV                                beep
     000000D3  _RS0                               beep
     000000D4  _RS1                               beep
     000000D5  _F0                                beep
     000000D6  _AC                                beep
     000000D7  _CY                                beep
     000000E0  _ACC                               beep
     000000F0  _B                                 beep
     000000F5  _B_5                               _gptrget
     000000F6  _B_6                               _gptrget
     000000F7  _B_7                               _gptrget

ASxxxx Linker V03.00 + NoICE + sdld,  page 6.
Hexadecimal  [32-Bits]

Area                                    Addr        Size        Decimal Bytes (Attributes)
--------------------------------        ----        ----        ------- ----- ------------
REG_BANK_0                          00000000    00000008 =           8. bytes (REL,OVR)

      Value  Global                              Global Defined In Module
      -----  --------------------------------   ------------------------
ASxxxx Linker V03.00 + NoICE + sdld,  page 7.
Hexadecimal  [32-Bits]

Area                                    Addr        Size        Decimal Bytes (Attributes)
--------------------------------        ----        ----        ------- ----- ------------
DSEG                                00000000    00000080 =         128. bytes (REL,CON)

      Value  Global                              Global Defined In Module
      -----  --------------------------------   ------------------------
     0000000B  _at24c02_write_one_byte_PARM_2     at24c02
     0000000C  _gsmg_code                         smg
     0000001D  _smg_display_PARM_2                smg
ASxxxx Linker V03.00 + NoICE + sdld,  page 8.
Hexadecimal  [32-Bits]

Area                                    Addr        Size        Decimal Bytes (Attributes)
--------------------------------        ----        ----        ------- ----- ------------
OSEG                                00000022    00000002 =           2. bytes (REL,OVR)

      Value  Global                              Global Defined In Module
      -----  --------------------------------   ------------------------
     00000022  __divsint_PARM_2                   _divuint
     00000022  __divuint_PARM_2                   _divuint
     00000022  __modsint_PARM_2                   _moduint
     00000022  __moduint_PARM_2                   _moduint

ASxxxx Linker V03.00 + NoICE + sdld,  page 9.
Hexadecimal  [32-Bits]

Area                                    Addr        Size        Decimal Bytes (Attributes)
--------------------------------        ----        ----        ------- ----- ------------
SSEG                                00000024    000000DC =         220. bytes (REL,OVR)

      Value  Global                              Global Defined In Module
      -----  --------------------------------   ------------------------
     00000024  __start__stack                     main

ASxxxx Linker V03.00 + NoICE + sdld,  page 10.
Hexadecimal  [32-Bits]

Area                                    Addr        Size        Decimal Bytes (Attributes)
--------------------------------        ----        ----        ------- ----- ------------
HOME                                00000000    00000006 =           6. bytes (REL,CON,CODE)

      Value  Global                              Global Defined In Module
      -----  --------------------------------   ------------------------
C:   00000003  __sdcc_program_startup             main

ASxxxx Linker V03.00 + NoICE + sdld,  page 11.
Hexadecimal  [32-Bits]

Area                                    Addr        Size        Decimal Bytes (Attributes)
--------------------------------        ----        ----        ------- ----- ------------
GSINIT0                             00000006    00000003 =           3. bytes (REL,CON,CODE)

      Value  Global                              Global Defined In Module
      -----  --------------------------------   ------------------------
C:   00000006  __sdcc_gsinit_startup              

ASxxxx Linker V03.00 + NoICE + sdld,  page 12.
Hexadecimal  [32-Bits]

Area                                    Addr        Size        Decimal Bytes (Attributes)
--------------------------------        ----        ----        ------- ----- ------------
GSINIT2                             00000009    0000000A =          10. bytes (REL,CON,CODE)

      Value  Global                              Global Defined In Module
      -----  --------------------------------   ------------------------
ASxxxx Linker V03.00 + NoICE + sdld,  page 13.
Hexadecimal  [32-Bits]

Area                                    Addr        Size        Decimal Bytes (Attributes)
--------------------------------        ----        ----        ------- ----- ------------
GSINIT3                             00000013    00000022 =          34. bytes (REL,CON,CODE)

      Value  Global                              Global Defined In Module
      -----  --------------------------------   ------------------------
C:   00000013  __mcs51_genXINIT                   

ASxxxx Linker V03.00 + NoICE + sdld,  page 14.
Hexadecimal  [32-Bits]

Area                                    Addr        Size        Decimal Bytes (Attributes)
--------------------------------        ----        ----        ------- ----- ------------
GSINIT4                             00000035    0000002A =          42. bytes (REL,CON,CODE)

      Value  Global                              Global Defined In Module
      -----  --------------------------------   ------------------------
C:   00000035  __mcs51_genRAMCLEAR                
C:   0000003B  __mcs51_genXRAMCLEAR               

ASxxxx Linker V03.00 + NoICE + sdld,  page 15.
Hexadecimal  [32-Bits]

Area                                    Addr        Size        Decimal Bytes (Attributes)
--------------------------------        ----        ----        ------- ----- ------------
GSINIT                              0000005F    00000033 =          51. bytes (REL,CON,CODE)

      Value  Global                              Global Defined In Module
      -----  --------------------------------   ------------------------
ASxxxx Linker V03.00 + NoICE + sdld,  page 16.
Hexadecimal  [32-Bits]

Area                                    Addr        Size        Decimal Bytes (Attributes)
--------------------------------        ----        ----        ------- ----- ------------
GSFINAL                             00000092    00000003 =           3. bytes (REL,CON,CODE)

      Value  Global                              Global Defined In Module
      -----  --------------------------------   ------------------------
ASxxxx Linker V03.00 + NoICE + sdld,  page 17.
Hexadecimal  [32-Bits]

Area                                    Addr        Size        Decimal Bytes (Attributes)
--------------------------------        ----        ----        ------- ----- ------------
CSEG                                00000095    00000477 =        1143. bytes (REL,CON,CODE)

      Value  Global                              Global Defined In Module
      -----  --------------------------------   ------------------------
C:   00000095  _main                              main
C:   00000151  _at24c02_write_one_byte            at24c02
C:   0000017D  _at24c02_read_byte                 at24c02
C:   000001B5  _smg_display                       smg
C:   00000269  _key_scan                          key
C:   000002BA  _delay_ms                          public
C:   000002DE  _delay_10us                        public
C:   000002F0  _iic_start                         iic
C:   00000305  _iic_stop                          iic
C:   00000317  _iic_ack                           iic
C:   0000032C  _iic_nack                          iic
C:   00000341  _iic_wait_ack                      iic
C:   00000361  _iic_write_byte                    iic
C:   000003A0  _iic_read_byte                     iic
C:   000003E7  _beep                              beep
C:   00000408  __moduint                          _moduint
C:   00000455  __divuint                          _divuint
C:   0000047E  __gptrget                          _gptrget
C:   0000049A  __modsint                          _modsint
C:   000004D0  __divsint                          _divsint
C:   00000508  __sdcc_external_startup            _startup
ASxxxx Linker V03.00 + NoICE + sdld,  page 18.

Files Linked                              [ module(s) ]

main.rel                                  [  ]
at24c02.rel                               [  ]
smg.rel                                   [  ]
key.rel                                   [  ]
public.rel                                [  ]
iic.rel                                   [  ]
beep.rel                                  [  ]


Libraries Linked                          [ object file ]

/usr/bin/../share/sdcc/lib/small/mcs51.lib
                                          [ crtclear.rel ]
/usr/bin/../share/sdcc/lib/small/mcs51.lib
                                          [ crtxinit.rel ]
/usr/bin/../share/sdcc/lib/small/libint.lib
                                          [ _moduint.rel ]
/usr/bin/../share/sdcc/lib/small/mcs51.lib
                                          [ crtxclear.rel ]
/usr/bin/../share/sdcc/lib/small/libint.lib
                                          [ _divuint.rel ]
/usr/bin/../share/sdcc/lib/small/mcs51.lib
                                          [ crtpagesfr.rel ]
/usr/bin/../share/sdcc/lib/small/mcs51.lib
                                          [ crtstart.rel ]
/usr/bin/../share/sdcc/lib/small/libsdcc.lib
                                          [ _gptrget.rel ]
/usr/bin/../share/sdcc/lib/small/libint.lib
                                          [ _modsint.rel ]
/usr/bin/../share/sdcc/lib/small/libint.lib
                                          [ _divsint.rel ]
/usr/bin/../share/sdcc/lib/small/libsdcc.lib
                                          [ _startup.rel ]

ASxxxx Linker V03.00 + NoICE + sdld,  page 19.

User Base Address Definitions

HOME = 0x0000
XSEG = 0x0001
PSEG = 0x0001
ISEG = 0x0000
BSEG = 0x0000

